warning: unused import: `rdkafka::consumer::Consumer`
   --> src\commands\kafka.rs:281:9
    |
281 |     use rdkafka::consumer::Consumer;
    |         ^^^^^^^^^^^^^^^^^^^^^^^^^^^
    |
    = note: `#[warn(unused_imports)]` (part of `#[warn(unused)]`) on by default

warning: unreachable pattern
   --> src\drivers\mod.rs:249:13
    |
249 |             other => Err(QueryError::new(
    |             ^^^^^ no value can reach this
    |
note: multiple earlier patterns match some of the same values
   --> src\drivers\mod.rs:249:13
    |
219 |             SystemType::Postgres => Ok(Self::Postgres(
    |             -------------------- matches some of the same values
...
222 |             SystemType::Mysql => Ok(Self::MySql(
    |             ----------------- matches some of the same values
...
225 |             SystemType::Mariadb => Ok(Self::MySql(
    |             ------------------- matches some of the same values
...
228 |             SystemType::Mssql => Ok(Self::Mssql(
    |             ----------------- matches some of the same values
...
249 |             other => Err(QueryError::new(
    |             ^^^^^ ...and 6 other patterns collectively make this unreachable
    = note: `#[warn(unreachable_patterns)]` (part of `#[warn(unused)]`) on by default

warning: unreachable pattern
   --> src\drivers\mod.rs:279:13
    |
279 |             other => TestResult {
    |             ^^^^^ no value can reach this
    |
note: multiple earlier patterns match some of the same values
   --> src\drivers\mod.rs:279:13
    |
263 |             SystemType::Postgres => PgDriver::test(&pg_params(profile, endpoint, password)).await,
    |             -------------------- matches some of the same values
264 |             SystemType::Mysql => {
    |             ----------------- matches some of the same values
...
267 |             SystemType::Mariadb => {
    |             ------------------- matches some of the same values
...
270 |             SystemType::Mssql => MssqlDriver::test(&mssql_params(profile, endpoint, password)).await,
    |             ----------------- matches some of the same values
...
279 |             other => TestResult {
    |             ^^^^^ ...and 6 other patterns collectively make this unreachable

warning: variable does not need to be mutable
   --> src\drivers\grid.rs:120:9
    |
120 |     let mut next = |v: &Value, params: &mut Vec<Value>, n: &mut usize| -> String {
    |         ----^^^^
    |         |
    |         help: remove this `mut`
    |
    = note: `#[warn(unused_mut)]` (part of `#[warn(unused)]`) on by default

warning: `database-studio` (lib) generated 4 warnings (run `cargo fix --lib -p database-studio` to apply 2 suggestions)
warning: unused import: `rdkafka::consumer::Consumer`
    --> tests\drivers_integration.rs:2364:9
     |
2364 |     use rdkafka::consumer::Consumer;
     |         ^^^^^^^^^^^^^^^^^^^^^^^^^^^
     |
     = note: `#[warn(unused_imports)]` (part of `#[warn(unused)]`) on by default

warning: value assigned to `last` is never read
    --> tests\drivers_integration.rs:2452:24
     |
2452 |         let mut last = String::new();
     |                        ^^^^^^^^^^^^^ this value is reassigned later and never used
...
2462 |                     Err(e) => last = format!("query: {}", e.message),
     |                               ---- `last` is overwritten here before the previous value is read
     |
     = note: `#[warn(unused_assignments)]` (part of `#[warn(unused)]`) on by default

warning: value assigned to `last` is never read
    --> tests\drivers_integration.rs:3517:24
     |
3517 |         let mut last = String::new();
     |                        ^^^^^^^^^^^^^ this value is reassigned later and never used
...
3522 |                     Err(e) => last = format!("query: {}", e.message),
     |                               ---- `last` is overwritten here before the previous value is read

warning: variable does not need to be mutable
    --> tests\drivers_integration.rs:4543:9
     |
4543 |     let mut drv = SqliteDriver::connect(&SqliteConnParams { path: String::new(), mode: SqliteMode::InMemory })
     |         ----^^^
     |         |
     |         help: remove this `mut`
     |
     = note: `#[warn(unused_mut)]` (part of `#[warn(unused)]`) on by default

warning: `database-studio` (test "drivers_integration") generated 4 warnings (run `cargo fix --test "drivers_integration" -p database-studio` to apply 1 suggestion)
    Finished `test` profile [unoptimized + debuginfo] target(s) in 2.65s
warning: the following packages contain code that will be rejected by a future version of Rust: russh v0.54.5
note: to see what the problems were, use the option `--future-incompat-report`, or run `cargo report future-incompatibilities --id 1`
     Running tests\drivers_integration.rs (target\debug\deps\drivers_integration-5c43675a35825efe.exe)

running 1 test
test clickhouse_parity_grid_showcreate_admin ... CHK ClickHouse parity P1/P2/P3a OK
ok

test result: ok. 1 passed; 0 failed; 0 ignored; 0 measured; 78 filtered out; finished in 4.56s

