warning: unused import: `rdkafka::consumer::Consumer`
   --> src\commands\kafka.rs:180:9
    |
180 |     use rdkafka::consumer::Consumer;
    |         ^^^^^^^^^^^^^^^^^^^^^^^^^^^
    |
    = note: `#[warn(unused_imports)]` (part of `#[warn(unused)]`) on by default

warning: unreachable pattern
   --> src\drivers\mod.rs:248:13
    |
248 |             other => Err(QueryError::new(
    |             ^^^^^ no value can reach this
    |
note: multiple earlier patterns match some of the same values
   --> src\drivers\mod.rs:248:13
    |
218 |             SystemType::Postgres => Ok(Self::Postgres(
    |             -------------------- matches some of the same values
...
221 |             SystemType::Mysql => Ok(Self::MySql(
    |             ----------------- matches some of the same values
...
224 |             SystemType::Mariadb => Ok(Self::MySql(
    |             ------------------- matches some of the same values
...
227 |             SystemType::Mssql => Ok(Self::Mssql(
    |             ----------------- matches some of the same values
...
248 |             other => Err(QueryError::new(
    |             ^^^^^ ...and 6 other patterns collectively make this unreachable
    = note: `#[warn(unreachable_patterns)]` (part of `#[warn(unused)]`) on by default

warning: unreachable pattern
   --> src\drivers\mod.rs:278:13
    |
278 |             other => TestResult {
    |             ^^^^^ no value can reach this
    |
note: multiple earlier patterns match some of the same values
   --> src\drivers\mod.rs:278:13
    |
262 |             SystemType::Postgres => PgDriver::test(&pg_params(profile, endpoint, password)).await,
    |             -------------------- matches some of the same values
263 |             SystemType::Mysql => {
    |             ----------------- matches some of the same values
...
266 |             SystemType::Mariadb => {
    |             ------------------- matches some of the same values
...
269 |             SystemType::Mssql => MssqlDriver::test(&mssql_params(profile, endpoint, password)).await,
    |             ----------------- matches some of the same values
...
278 |             other => TestResult {
    |             ^^^^^ ...and 6 other patterns collectively make this unreachable

warning: variable does not need to be mutable
  --> src\drivers\grid.rs:95:9
   |
95 |     let mut next = |v: &Value, params: &mut Vec<Value>, n: &mut usize| -> String {
   |         ----^^^^
   |         |
   |         help: remove this `mut`
   |
   = note: `#[warn(unused_mut)]` (part of `#[warn(unused)]`) on by default

warning: `database-studio` (lib) generated 4 warnings (run `cargo fix --lib -p database-studio` to apply 2 suggestions)
warning: unused import: `rdkafka::consumer::Consumer`
    --> tests\drivers_integration.rs:1199:9
     |
1199 |     use rdkafka::consumer::Consumer;
     |         ^^^^^^^^^^^^^^^^^^^^^^^^^^^
     |
     = note: `#[warn(unused_imports)]` (part of `#[warn(unused)]`) on by default

warning: value assigned to `last` is never read
    --> tests\drivers_integration.rs:1285:24
     |
1285 |         let mut last = String::new();
     |                        ^^^^^^^^^^^^^ this value is reassigned later and never used
...
1295 |                     Err(e) => last = format!("query: {}", e.message),
     |                               ---- `last` is overwritten here before the previous value is read
     |
     = note: `#[warn(unused_assignments)]` (part of `#[warn(unused)]`) on by default

warning: `database-studio` (test "drivers_integration") generated 2 warnings
    Finished `test` profile [unoptimized + debuginfo] target(s) in 0.73s
warning: the following packages contain code that will be rejected by a future version of Rust: russh v0.54.5
note: to see what the problems were, use the option `--future-incompat-report`, or run `cargo report future-incompatibilities --id 1`
     Running tests\drivers_integration.rs (target\debug\deps\drivers_integration-d2e75e7437759aa7.exe)

running 1 test
test pg_import_100k_rows_batched_and_count ... CHK import 100k + count + skip-conflict OK
ok

test result: ok. 1 passed; 0 failed; 0 ignored; 0 measured; 21 filtered out; finished in 8.66s

